ECHO is off.
ECHO is off.

****** Vivado v2023.2 (64-bit)
  **** SW Build 4029153 on Fri Oct 13 20:14:34 MDT 2023
  **** IP Build 4028589 on Sat Oct 14 00:45:43 MDT 2023
  **** SharedData Build 4025554 on Tue Oct 10 17:18:54 MDT 2023
    ** Copyright 1986-2022 Xilinx, Inc. All Rights Reserved.
    ** Copyright 2022-2023 Advanced Micro Devices, Inc. All Rights Reserved.

source scripts/run_waveform.tcl
# if {$argc < 2} {
#     error "usage: run_waveform.tcl <testbench> <output-directory>"
# }
# set tb [lindex $argv 0]
# set output_dir [file normalize [lindex $argv 1]]
# file mkdir $output_dir
# set project_root [file normalize [file join [file dirname [info script]] ..]]
# source [file join $project_root scripts create_project.tcl]
## set project_root [file normalize [file join [file dirname [info script]] ..]]
## set project_dir  [file join $project_root vivado]
## if {[info exists ::env(VIVADO_PROJECT_DIR)]} {
##     set project_dir [file normalize $::env(VIVADO_PROJECT_DIR)]
## }
## file mkdir $project_dir
## create_project -force password_lock_system $project_dir -part xc7a75tfgg484-2
create_project: Time (s): cpu = 00:00:05 ; elapsed = 00:00:06 . Memory (MB): peak = 486.289 ; gain = 181.246
## set_property target_language Verilog [current_project]
## set_property simulator_language Mixed [current_project]
## set enable_rpi_camera 1
## if {[info exists ::env(ENABLE_RPI_CAMERA)]} {
##     set enable_rpi_camera $::env(ENABLE_RPI_CAMERA)
## }
## if {$enable_rpi_camera ni {0 1}} {
##     error "ENABLE_RPI_CAMERA must be 0 or 1"
## }
## add_files -norecurse [glob -directory [file join $project_root rtl] *.v]
## add_files -fileset constrs_1 -norecurse [file join $project_root constraints password_lock_system.xdc]
## set_property top password_lock_top [get_filesets sources_1]
## set_property generic "ENABLE_RPI_CAMERA=$enable_rpi_camera" [get_filesets sources_1]
## update_compile_order -fileset sources_1
## close_project
## puts "Created [file join $project_dir password_lock_system.xpr] (ENABLE_RPI_CAMERA=$enable_rpi_camera)"
Created E:/26FPGA/password_lock_system/vivado/password_lock_system.xpr (ENABLE_RPI_CAMERA=1)
# open_project [file join $project_dir password_lock_system.xpr]
INFO: [filemgmt 56-3] Default IP Output Path : Could not find the directory 'E:/26FPGA/password_lock_system/vivado/password_lock_system.gen/sources_1'.
Scanning sources...
Finished scanning sources
# add_files -fileset sim_1 -norecurse [glob -directory [file join $project_root sim] *.sv]
# set_property file_type SystemVerilog [get_files -of_objects [get_filesets sim_1] *.sv]
# set_property top $tb [get_filesets sim_1]
# set_property xsim.simulate.runtime 0ns [get_filesets sim_1]
# update_compile_order -fileset sim_1
# puts "=== WAVEFORM RUN $tb ==="
=== WAVEFORM RUN tb_keypad_scanner ===
# launch_simulation -simset sim_1 -mode behavioral
Command: launch_simulation  -simset sim_1 -mode behavioral
INFO: [Vivado 12-12493] Simulation top is 'tb_keypad_scanner'
WARNING: [Vivado 12-13340] Unable to auto find GCC executables from simulator install path! (path not set)
INFO: [Vivado 12-5682] Launching behavioral simulation in 'E:/26FPGA/password_lock_system/vivado/password_lock_system.sim/sim_1/behav/xsim'
INFO: [SIM-utils-51] Simulation object is 'sim_1'
INFO: [SIM-utils-72] Using boost library from 'D:/Xilinx/Vivado/2023.2/tps/boost_1_72_0'
INFO: [SIM-utils-54] Inspecting design source files for 'tb_keypad_scanner' in fileset 'sim_1'...
INFO: [USF-XSim-97] Finding global include files...
INFO: [USF-XSim-98] Fetching design files from 'sim_1'...
INFO: [USF-XSim-2] XSim::Compile design
INFO: [USF-XSim-61] Executing 'COMPILE and ANALYZE' step in 'E:/26FPGA/password_lock_system/vivado/password_lock_system.sim/sim_1/behav/xsim'
"xvlog --incr --relax -L uvm -prj tb_keypad_scanner_vlog.prj"

ECHO is off.

ECHO is off.

INFO: [VRFC 10-2263] Analyzing Verilog file "E:/26FPGA/password_lock_system/rtl/keypad_scanner.v" into library xil_defaultlib

INFO: [VRFC 10-311] analyzing module keypad_scanner

INFO: [VRFC 10-2263] Analyzing Verilog file "E:/26FPGA/password_lock_system/rtl/tick_enable.v" into library xil_defaultlib

INFO: [VRFC 10-311] analyzing module tick_enable

INFO: [VRFC 10-2263] Analyzing SystemVerilog file "E:/26FPGA/password_lock_system/sim/tb_keypad_scanner.sv" into library xil_defaultlib

INFO: [VRFC 10-311] analyzing module tb_keypad_scanner

INFO: [VRFC 10-2263] Analyzing Verilog file "E:/26FPGA/password_lock_system/vivado/password_lock_system.sim/sim_1/behav/xsim/glbl.v" into library xil_defaultlib

INFO: [VRFC 10-311] analyzing module glbl

INFO: [USF-XSim-69] 'compile' step finished in '1' seconds
INFO: [USF-XSim-3] XSim::Elaborate design
INFO: [USF-XSim-61] Executing 'ELABORATE' step in 'E:/26FPGA/password_lock_system/vivado/password_lock_system.sim/sim_1/behav/xsim'
"xelab --incr --debug typical --relax --mt 2 -L xil_defaultlib -L uvm -L unisims_ver -L unimacro_ver -L secureip --snapshot tb_keypad_scanner_behav xil_defaultlib.tb_keypad_scanner xil_defaultlib.glbl -log elaborate.log"

ECHO is off.

ECHO is off.

Vivado Simulator v2023.2

Copyright 1986-2022 Xilinx, Inc. All Rights Reserved.

Copyright 2022-2023 Advanced Micro Devices, Inc. All Rights Reserved.

Running: D:/Xilinx/Vivado/2023.2/bin/unwrapped/win64.o/xelab.exe --incr --debug typical --relax --mt 2 -L xil_defaultlib -L uvm -L unisims_ver -L unimacro_ver -L secureip --snapshot tb_keypad_scanner_behav xil_defaultlib.tb_keypad_scanner xil_defaultlib.glbl -log elaborate.log 

Using 2 slave threads.

Starting static elaboration

Pass Through NonSizing Optimizer

Completed static elaboration

Starting simulation data flow analysis

Completed simulation data flow analysis

Time Resolution for simulation is 1ps

Compiling module xil_defaultlib.tick_enable(CLOCK_HZ=4000)

Compiling module xil_defaultlib.keypad_scanner(CLOCK_HZ=4000,DEB...

Compiling module xil_defaultlib.tb_keypad_scanner

Compiling module xil_defaultlib.glbl

Built simulation snapshot tb_keypad_scanner_behav

INFO: [USF-XSim-69] 'elaborate' step finished in '2' seconds
INFO: [USF-XSim-4] XSim::Simulate design
INFO: [USF-XSim-61] Executing 'SIMULATE' step in 'E:/26FPGA/password_lock_system/vivado/password_lock_system.sim/sim_1/behav/xsim'
INFO: [USF-XSim-98] *** Running xsim
   with args "tb_keypad_scanner_behav -key {Behavioral:sim_1:Functional:tb_keypad_scanner} -tclbatch {tb_keypad_scanner.tcl} -log {simulate.log}"
INFO: [USF-XSim-8] Loading simulator feature
Time resolution is 1 ps
source tb_keypad_scanner.tcl
## current_wave_config
INFO: [USF-XSim-96] XSim completed. Design snapshot 'tb_keypad_scanner_behav' loaded.
INFO: [USF-XSim-97] XSim simulation ran for 0ns
launch_simulation: Time (s): cpu = 00:00:00 ; elapsed = 00:00:08 . Memory (MB): peak = 499.699 ; gain = 8.457
# set sim_objects [get_objects -r /$tb/*]
# log_wave -quiet $sim_objects
# open_vcd [file join $output_dir "$tb.vcd"]
# log_vcd -quiet $sim_objects
# if {[llength [get_wave_configs]] == 0} {
#     create_wave_config
# }
# add_wave -quiet $sim_objects
# save_wave_config [file join $output_dir "$tb.wcfg"]
# run all
PASS tb_keypad_scanner
$finish called at time : 30440 ns : File "E:/26FPGA/password_lock_system/sim/tb_keypad_scanner.sv" Line 72
# flush_vcd
# close_vcd
# if {[get_value /$tb/test_pass] ne "1"} {
#     error "$tb failed"
# }
# set xsim_dir [file join $project_dir password_lock_system.sim sim_1 behav xsim]
# set wdb_files [glob -nocomplain -directory $xsim_dir *.wdb]
# if {[llength $wdb_files] == 0} {
#     error "Vivado did not create a WDB for $tb"
# }
# file copy -force [lindex $wdb_files 0] [file join $output_dir "$tb.wdb"]
# set result [open [file join $output_dir result.txt] w]
# puts $result "PASS"
# puts $result "testbench=$tb"
# puts $result "simulator=Vivado XSim 2023.2"
# puts $result "vcd=[file join $output_dir $tb.vcd]"
# puts $result "wdb=[file join $output_dir $tb.wdb]"
# close $result
# puts "PASS WAVEFORM $tb"
PASS WAVEFORM tb_keypad_scanner
# exit 0
INFO: [Common 17-206] Exiting Vivado at Tue Sep  8 16:53:49 2026...
