Copyright 1986-2022 Xilinx, Inc. All Rights Reserved. Copyright 2022-2023 Advanced Micro Devices, Inc. All Rights Reserved.
---------------------------------------------------------------------------------------------------------------------------------------------
| Tool Version : Vivado v.2023.2 (win64) Build 4029153 Fri Oct 13 20:14:34 MDT 2023
| Date         : Tue Sep  8 22:57:10 2026
| Host         : LAPTOP-15UHF74E running 64-bit major release  (build 9200)
| Command      : report_timing_summary -file E:/26FPGA/password_lock_system/reports/timing_summary.rpt
| Design       : password_lock_top
| Device       : 7a75t-fgg484
| Speed File   : -2  PRODUCTION 1.23 2018-06-13
| Design State : Routed
---------------------------------------------------------------------------------------------------------------------------------------------

Timing Summary Report

------------------------------------------------------------------------------------------------
| Timer Settings
| --------------
------------------------------------------------------------------------------------------------

  Enable Multi Corner Analysis               :  Yes
  Enable Pessimism Removal                   :  Yes
  Pessimism Removal Resolution               :  Nearest Common Node
  Enable Input Delay Default Clock           :  No
  Enable Preset / Clear Arcs                 :  No
  Disable Flight Delays                      :  No
  Ignore I/O Paths                           :  No
  Timing Early Launch at Borrowing Latches   :  No
  Borrow Time for Max Delay Exceptions       :  Yes
  Merge Timing Exceptions                    :  Yes
  Inter-SLR Compensation                     :  Conservative

  Corner  Analyze    Analyze    
  Name    Max Paths  Min Paths  
  ------  ---------  ---------  
  Slow    Yes        Yes        
  Fast    Yes        Yes        


------------------------------------------------------------------------------------------------
| Report Methodology
| ------------------
------------------------------------------------------------------------------------------------

Rule       Severity  Description                    Violations  
---------  --------  -----------------------------  ----------  
TIMING-18  Warning   Missing input or output delay  43          

Note: This report is based on the most recent report_methodology run and may not be up-to-date. Run report_methodology on the current design for the latest report.



check_timing report

Table of Contents
-----------------
1. checking no_clock (0)
2. checking constant_clock (0)
3. checking pulse_width_clock (0)
4. checking unconstrained_internal_endpoints (0)
5. checking no_input_delay (11)
6. checking no_output_delay (28)
7. checking multiple_clock (0)
8. checking generated_clocks (0)
9. checking loops (0)
10. checking partial_input_delay (0)
11. checking partial_output_delay (0)
12. checking latch_loops (0)

1. checking no_clock (0)
------------------------
 There are 0 register/latch pins with no clock.


2. checking constant_clock (0)
------------------------------
 There are 0 register/latch pins with constant_clock.


3. checking pulse_width_clock (0)
---------------------------------
 There are 0 register/latch pins which need pulse_width check


4. checking unconstrained_internal_endpoints (0)
------------------------------------------------
 There are 0 pins that are not constrained for maximum delay.

 There are 0 pins that are not constrained for maximum delay due to constant clock.


5. checking no_input_delay (11)
-------------------------------
 There are 11 input ports with no input delay specified. (HIGH)

 There are 0 input ports with no input delay but user has a false path constraint.


6. checking no_output_delay (28)
--------------------------------
 There are 28 ports with no output delay specified. (HIGH)

 There are 0 ports with no output delay but user has a false path constraint

 There are 0 ports with no output delay but with a timing clock defined on it or propagating through it


7. checking multiple_clock (0)
------------------------------
 There are 0 register/latch pins with multiple clocks.


8. checking generated_clocks (0)
--------------------------------
 There are 0 generated clocks that are not connected to a clock source.


9. checking loops (0)
---------------------
 There are 0 combinational loops in the design.


10. checking partial_input_delay (0)
------------------------------------
 There are 0 input ports with partial input delay specified.


11. checking partial_output_delay (0)
-------------------------------------
 There are 0 ports with partial output delay specified.


12. checking latch_loops (0)
----------------------------
 There are 0 combinational latch loops in the design through latch input



------------------------------------------------------------------------------------------------
| Design Timing Summary
| ---------------------
------------------------------------------------------------------------------------------------

    WNS(ns)      TNS(ns)  TNS Failing Endpoints  TNS Total Endpoints      WHS(ns)      THS(ns)  THS Failing Endpoints  THS Total Endpoints     WPWS(ns)     TPWS(ns)  TPWS Failing Endpoints  TPWS Total Endpoints  
    -------      -------  ---------------------  -------------------      -------      -------  ---------------------  -------------------     --------     --------  ----------------------  --------------------  
     11.318        0.000                      0                 2879        0.060        0.000                      0                 2879        9.500        0.000                       0                  1064  


All user specified timing constraints are met.


------------------------------------------------------------------------------------------------
| Clock Summary
| -------------
------------------------------------------------------------------------------------------------

Clock    Waveform(ns)       Period(ns)      Frequency(MHz)
-----    ------------       ----------      --------------
sys_clk  {0.000 10.000}     20.000          50.000          


------------------------------------------------------------------------------------------------
| Intra Clock Table
| -----------------
------------------------------------------------------------------------------------------------

Clock             WNS(ns)      TNS(ns)  TNS Failing Endpoints  TNS Total Endpoints      WHS(ns)      THS(ns)  THS Failing Endpoints  THS Total Endpoints     WPWS(ns)     TPWS(ns)  TPWS Failing Endpoints  TPWS Total Endpoints  
-----             -------      -------  ---------------------  -------------------      -------      -------  ---------------------  -------------------     --------     --------  ----------------------  --------------------  
sys_clk            11.318        0.000                      0                 2879        0.060        0.000                      0                 2879        9.500        0.000                       0                  1064  


------------------------------------------------------------------------------------------------
| Inter Clock Table
| -----------------
------------------------------------------------------------------------------------------------

From Clock    To Clock          WNS(ns)      TNS(ns)  TNS Failing Endpoints  TNS Total Endpoints      WHS(ns)      THS(ns)  THS Failing Endpoints  THS Total Endpoints  
----------    --------          -------      -------  ---------------------  -------------------      -------      -------  ---------------------  -------------------  


------------------------------------------------------------------------------------------------
| Other Path Groups Table
| -----------------------
------------------------------------------------------------------------------------------------

Path Group    From Clock    To Clock          WNS(ns)      TNS(ns)  TNS Failing Endpoints  TNS Total Endpoints      WHS(ns)      THS(ns)  THS Failing Endpoints  THS Total Endpoints  
----------    ----------    --------          -------      -------  ---------------------  -------------------      -------      -------  ---------------------  -------------------  


------------------------------------------------------------------------------------------------
| Timing Details
| --------------
------------------------------------------------------------------------------------------------


---------------------------------------------------------------------------------------------------
From Clock:  sys_clk
  To Clock:  sys_clk

Setup :            0  Failing Endpoints,  Worst Slack       11.318ns,  Total Violation        0.000ns
Hold  :            0  Failing Endpoints,  Worst Slack        0.060ns,  Total Violation        0.000ns
PW    :            0  Failing Endpoints,  Worst Slack        9.500ns,  Total Violation        0.000ns
---------------------------------------------------------------------------------------------------


Max Delay Paths
--------------------------------------------------------------------------------------
Slack (MET) :             11.318ns  (required time - arrival time)
  Source:                 u_password_store/verify_record_reg[91]/C
                            (rising edge-triggered cell FDRE clocked by sys_clk  {rise@0.000ns fall@10.000ns period=20.000ns})
  Destination:            u_password_store/current_password_reg[10]/CE
                            (rising edge-triggered cell FDRE clocked by sys_clk  {rise@0.000ns fall@10.000ns period=20.000ns})
  Path Group:             sys_clk
  Path Type:              Setup (Max at Slow Process Corner)
  Requirement:            20.000ns  (sys_clk rise@20.000ns - sys_clk rise@0.000ns)
  Data Path Delay:        8.402ns  (logic 1.851ns (22.031%)  route 6.551ns (77.969%))
  Logic Levels:           9  (CARRY4=2 LUT5=2 LUT6=5)
  Clock Path Skew:        -0.109ns (DCD - SCD + CPR)
    Destination Clock Delay (DCD):    4.357ns = ( 24.357 - 20.000 ) 
    Source Clock Delay      (SCD):    4.691ns
    Clock Pessimism Removal (CPR):    0.225ns
  Clock Uncertainty:      0.035ns  ((TSJ^2 + TIJ^2)^1/2 + DJ) / 2 + PE
    Total System Jitter     (TSJ):    0.071ns
    Total Input Jitter      (TIJ):    0.000ns
    Discrete Jitter          (DJ):    0.000ns
    Phase Error              (PE):    0.000ns

    Location             Delay type                Incr(ns)  Path(ns)    Netlist Resource(s)
  -------------------------------------------------------------------    -------------------
                         (clock sys_clk rise edge)    0.000     0.000 r  
    Y18                                               0.000     0.000 r  sys_clk (IN)
                         net (fo=0)                   0.000     0.000    sys_clk
    Y18                  IBUF (Prop_ibuf_I_O)         1.476     1.476 r  sys_clk_IBUF_inst/O
                         net (fo=1, routed)           1.709     3.185    sys_clk_IBUF
    BUFGCTRL_X0Y0        BUFG (Prop_bufg_I_O)         0.081     3.266 r  sys_clk_IBUF_BUFG_inst/O
                         net (fo=1063, routed)        1.425     4.691    u_password_store/sys_clk_IBUF_BUFG
    SLICE_X0Y125         FDRE                                         r  u_password_store/verify_record_reg[91]/C
  -------------------------------------------------------------------    -------------------
    SLICE_X0Y125         FDRE (Prop_fdre_C_Q)         0.348     5.039 r  u_password_store/verify_record_reg[91]/Q
                         net (fo=11, routed)          1.251     6.290    u_password_store/p_0_in102_in
    SLICE_X4Y125         LUT6 (Prop_lut6_I1_O)        0.239     6.529 r  u_password_store/generation[31]_i_167/O
                         net (fo=1, routed)           1.077     7.606    u_password_store/generation[31]_i_167_n_0
    SLICE_X1Y124         LUT6 (Prop_lut6_I3_O)        0.105     7.711 r  u_password_store/generation[31]_i_100/O
                         net (fo=1, routed)           0.332     8.043    u_password_store/generation[31]_i_100_n_0
    SLICE_X1Y122         LUT6 (Prop_lut6_I3_O)        0.105     8.148 f  u_password_store/generation[31]_i_62/O
                         net (fo=1, routed)           0.774     8.922    u_password_store/generation[31]_i_62_n_0
    SLICE_X3Y120         LUT5 (Prop_lut5_I0_O)        0.105     9.027 r  u_password_store/generation[31]_i_42/O
                         net (fo=1, routed)           0.000     9.027    u_password_store/generation[31]_i_42_n_0
    SLICE_X3Y120         CARRY4 (Prop_carry4_S[3]_CO[3])
                                                      0.332     9.359 r  u_password_store/generation_reg[31]_i_30/CO[3]
                         net (fo=1, routed)           0.000     9.359    u_password_store/generation_reg[31]_i_30_n_0
    SLICE_X3Y121         CARRY4 (Prop_carry4_CI_CO[1])
                                                      0.132     9.491 r  u_password_store/generation_reg[31]_i_19/CO[1]
                         net (fo=1, routed)           0.648    10.139    u_password_store/record_valid_return1
    SLICE_X5Y119         LUT6 (Prop_lut6_I3_O)        0.275    10.414 f  u_password_store/generation[31]_i_8/O
                         net (fo=1, routed)           0.547    10.961    u_password_store/generation[31]_i_8_n_0
    SLICE_X4Y119         LUT6 (Prop_lut6_I3_O)        0.105    11.066 r  u_password_store/generation[31]_i_3/O
                         net (fo=3, routed)           0.450    11.516    u_password_store/generation[31]_i_3_n_0
    SLICE_X7Y117         LUT5 (Prop_lut5_I1_O)        0.105    11.621 r  u_password_store/generation[31]_i_1/O
                         net (fo=49, routed)          1.471    13.093    u_password_store/generation[31]_i_1_n_0
    SLICE_X8Y126         FDRE                                         r  u_password_store/current_password_reg[10]/CE
  -------------------------------------------------------------------    -------------------

                         (clock sys_clk rise edge)   20.000    20.000 r  
    Y18                                               0.000    20.000 r  sys_clk (IN)
                         net (fo=0)                   0.000    20.000    sys_clk
    Y18                  IBUF (Prop_ibuf_I_O)         1.409    21.409 r  sys_clk_IBUF_inst/O
                         net (fo=1, routed)           1.620    23.030    sys_clk_IBUF
    BUFGCTRL_X0Y0        BUFG (Prop_bufg_I_O)         0.077    23.107 r  sys_clk_IBUF_BUFG_inst/O
                         net (fo=1063, routed)        1.250    24.357    u_password_store/sys_clk_IBUF_BUFG
    SLICE_X8Y126         FDRE                                         r  u_password_store/current_password_reg[10]/C
                         clock pessimism              0.225    24.582    
                         clock uncertainty           -0.035    24.547    
    SLICE_X8Y126         FDRE (Setup_fdre_C_CE)      -0.136    24.411    u_password_store/current_password_reg[10]
  -------------------------------------------------------------------
                         required time                         24.411    
                         arrival time                         -13.093    
  -------------------------------------------------------------------
                         slack                                 11.318    





Min Delay Paths
--------------------------------------------------------------------------------------
Slack (MET) :             0.060ns  (arrival time - required time)
  Source:                 g_rpi_camera.u_rpi_camera_link/message_index_reg[2]/C
                            (rising edge-triggered cell FDRE clocked by sys_clk  {rise@0.000ns fall@10.000ns period=20.000ns})
  Destination:            g_rpi_camera.u_rpi_camera_link/tx_data_reg[3]/D
                            (rising edge-triggered cell FDRE clocked by sys_clk  {rise@0.000ns fall@10.000ns period=20.000ns})
  Path Group:             sys_clk
  Path Type:              Hold (Min at Fast Process Corner)
  Requirement:            0.000ns  (sys_clk rise@0.000ns - sys_clk rise@0.000ns)
  Data Path Delay:        0.436ns  (logic 0.252ns (57.847%)  route 0.184ns (42.153%))
  Logic Levels:           1  (LUT3=1)
  Clock Path Skew:        0.269ns (DCD - SCD - CPR)
    Destination Clock Delay (DCD):    2.067ns
    Source Clock Delay      (SCD):    1.552ns
    Clock Pessimism Removal (CPR):    0.246ns

    Location             Delay type                Incr(ns)  Path(ns)    Netlist Resource(s)
  -------------------------------------------------------------------    -------------------
                         (clock sys_clk rise edge)    0.000     0.000 r  
    Y18                                               0.000     0.000 r  sys_clk (IN)
                         net (fo=0)                   0.000     0.000    sys_clk
    Y18                  IBUF (Prop_ibuf_I_O)         0.312     0.312 r  sys_clk_IBUF_inst/O
                         net (fo=1, routed)           0.640     0.952    sys_clk_IBUF
    BUFGCTRL_X0Y0        BUFG (Prop_bufg_I_O)         0.026     0.978 r  sys_clk_IBUF_BUFG_inst/O
                         net (fo=1063, routed)        0.574     1.552    g_rpi_camera.u_rpi_camera_link/sys_clk_IBUF_BUFG
    SLICE_X12Y99         FDRE                                         r  g_rpi_camera.u_rpi_camera_link/message_index_reg[2]/C
  -------------------------------------------------------------------    -------------------
    SLICE_X12Y99         FDRE (Prop_fdre_C_Q)         0.148     1.700 r  g_rpi_camera.u_rpi_camera_link/message_index_reg[2]/Q
                         net (fo=10, routed)          0.184     1.883    g_rpi_camera.u_rpi_camera_link/index[2]
    SLICE_X13Y100        LUT3 (Prop_lut3_I0_O)        0.104     1.987 r  g_rpi_camera.u_rpi_camera_link/tx_data[3]_i_1/O
                         net (fo=1, routed)           0.000     1.987    g_rpi_camera.u_rpi_camera_link/alarm_byte_return[3]
    SLICE_X13Y100        FDRE                                         r  g_rpi_camera.u_rpi_camera_link/tx_data_reg[3]/D
  -------------------------------------------------------------------    -------------------

                         (clock sys_clk rise edge)    0.000     0.000 r  
    Y18                                               0.000     0.000 r  sys_clk (IN)
                         net (fo=0)                   0.000     0.000    sys_clk
    Y18                  IBUF (Prop_ibuf_I_O)         0.501     0.501 r  sys_clk_IBUF_inst/O
                         net (fo=1, routed)           0.695     1.195    sys_clk_IBUF
    BUFGCTRL_X0Y0        BUFG (Prop_bufg_I_O)         0.029     1.224 r  sys_clk_IBUF_BUFG_inst/O
                         net (fo=1063, routed)        0.843     2.067    g_rpi_camera.u_rpi_camera_link/sys_clk_IBUF_BUFG
    SLICE_X13Y100        FDRE                                         r  g_rpi_camera.u_rpi_camera_link/tx_data_reg[3]/C
                         clock pessimism             -0.246     1.821    
    SLICE_X13Y100        FDRE (Hold_fdre_C_D)         0.107     1.928    g_rpi_camera.u_rpi_camera_link/tx_data_reg[3]
  -------------------------------------------------------------------
                         required time                         -1.928    
                         arrival time                           1.987    
  -------------------------------------------------------------------
                         slack                                  0.060    





Pulse Width Checks
--------------------------------------------------------------------------------------
Clock Name:         sys_clk
Waveform(ns):       { 0.000 10.000 }
Period(ns):         20.000
Sources:            { sys_clk }

Check Type        Corner  Lib Pin  Reference Pin  Required(ns)  Actual(ns)  Slack(ns)  Location       Pin
Min Period        n/a     BUFG/I   n/a            1.592         20.000      18.408     BUFGCTRL_X0Y0  sys_clk_IBUF_BUFG_inst/I
Low Pulse Width   Slow    FDRE/C   n/a            0.500         10.000      9.500      SLICE_X11Y100  g_rpi_camera.u_rpi_camera_link/FSM_sequential_ack_state_reg[0]/C
High Pulse Width  Slow    FDRE/C   n/a            0.500         10.000      9.500      SLICE_X11Y100  g_rpi_camera.u_rpi_camera_link/FSM_sequential_ack_state_reg[0]/C



